+----------------------------------+----------+-------------------------+-----------------+
| Cron Job Id                      | Schedule | Last Triggered At       | Next Trigger At |
+----------------------------------+----------+-------------------------+-----------------+
| Lingoda\CronBundle\Tests\TestJob | -        | 2025-01-01 00:00:00 UTC | -               |
| test_job_2                       | -        | 2025-01-02 00:00:00 UTC | -               |
| test_job_3                       | -        | 2025-01-03 00:00:00 UTC | -               |
+----------------------------------+----------+-------------------------+-----------------+
